------------------------------------------------------------
Timing Analyzer Summary
------------------------------------------------------------

Type  : Slow 1100mV 85C Model Setup 'i_clk'
Slack : -0.896
TNS   : -19.602

Type  : Slow 1100mV 85C Model Hold 'i_clk'
Slack : 0.298
TNS   : 0.000

Type  : Slow 1100mV 85C Model Minimum Pulse Width 'i_clk'
Slack : -2.174
TNS   : -91.763

Type  : Slow 1100mV 0C Model Setup 'i_clk'
Slack : -0.983
TNS   : -18.728

Type  : Slow 1100mV 0C Model Hold 'i_clk'
Slack : 0.276
TNS   : 0.000

Type  : Slow 1100mV 0C Model Minimum Pulse Width 'i_clk'
Slack : -2.174
TNS   : -93.269

Type  : Fast 1100mV 85C Model Setup 'i_clk'
Slack : -0.188
TNS   : -0.370

Type  : Fast 1100mV 85C Model Hold 'i_clk'
Slack : 0.170
TNS   : 0.000

Type  : Fast 1100mV 85C Model Minimum Pulse Width 'i_clk'
Slack : -2.174
TNS   : -76.516

Type  : Fast 1100mV 0C Model Setup 'i_clk'
Slack : -0.048
TNS   : -0.081

Type  : Fast 1100mV 0C Model Hold 'i_clk'
Slack : 0.152
TNS   : 0.000

Type  : Fast 1100mV 0C Model Minimum Pulse Width 'i_clk'
Slack : -2.174
TNS   : -76.526

------------------------------------------------------------
