------------------------------------------------------------
Timing Analyzer Summary
------------------------------------------------------------

Type  : Slow 1100mV 85C Model Setup 'i_clk'
Slack : -1.523
TNS   : -47.786

Type  : Slow 1100mV 85C Model Hold 'i_clk'
Slack : 0.381
TNS   : 0.000

Type  : Slow 1100mV 85C Model Minimum Pulse Width 'i_clk'
Slack : -2.174
TNS   : -97.473

Type  : Slow 1100mV 0C Model Setup 'i_clk'
Slack : -1.567
TNS   : -48.170

Type  : Slow 1100mV 0C Model Hold 'i_clk'
Slack : 0.379
TNS   : 0.000

Type  : Slow 1100mV 0C Model Minimum Pulse Width 'i_clk'
Slack : -2.174
TNS   : -99.372

Type  : Fast 1100mV 85C Model Setup 'i_clk'
Slack : -0.594
TNS   : -9.608

Type  : Fast 1100mV 85C Model Hold 'i_clk'
Slack : 0.199
TNS   : 0.000

Type  : Fast 1100mV 85C Model Minimum Pulse Width 'i_clk'
Slack : -2.174
TNS   : -77.394

Type  : Fast 1100mV 0C Model Setup 'i_clk'
Slack : -0.442
TNS   : -7.263

Type  : Fast 1100mV 0C Model Hold 'i_clk'
Slack : 0.189
TNS   : 0.000

Type  : Fast 1100mV 0C Model Minimum Pulse Width 'i_clk'
Slack : -2.174
TNS   : -77.448

------------------------------------------------------------
